# Showcases for using with Slackware Live:
NetworkManager-openconnect
NetworkManager-openvpn
calibre
chromium
chromium-pepperflash-plugin
chromium-widevine-plugin
dropbox-client
#ffmpeg
freerdp
#gcc5
gecko-mediaplayer
gmtk
gnome-mplayer
gst-plugins-ffmpeg0
gst-plugins-libav
icedtea-web
keepassx
lame
libreoffice
libreoffice-dict-af
libreoffice-dict-ar
libreoffice-dict-be
libreoffice-dict-bg
libreoffice-dict-bn
libreoffice-dict-br
libreoffice-dict-bs
libreoffice-dict-ca
libreoffice-dict-cs
libreoffice-dict-da
libreoffice-dict-de
libreoffice-dict-el
libreoffice-dict-en
libreoffice-dict-es
libreoffice-dict-et
libreoffice-dict-fr
libreoffice-dict-gl
libreoffice-dict-he
libreoffice-dict-hi
libreoffice-dict-hr
libreoffice-dict-hu
libreoffice-dict-is
libreoffice-dict-it
libreoffice-dict-lt
libreoffice-dict-lv
libreoffice-dict-nl
libreoffice-dict-pl
libreoffice-dict-pt-BR
libreoffice-dict-pt-PT
libreoffice-dict-ro
libreoffice-dict-ru
libreoffice-dict-si
libreoffice-dict-sk
libreoffice-dict-sl
libreoffice-dict-sr
libreoffice-dict-sv
libreoffice-dict-sw
libreoffice-dict-te
libreoffice-dict-th
libreoffice-dict-uk
libreoffice-dict-vi
libreoffice-dict-zu
libreoffice-kde-integration
libstatgrab
#libtinfo
libtorrent-rasterbar
lumina
mkvtoolnix
muparser
nodejs
nvme-cli
openconnect
openjdk
#oxygen-gtk2
p7zip
palemoon
python-twisted
podofo
qbittorrent
sqlitebrowser
sshfs-fuse
unrar
veracrypt
#vlc
wxGTK
zope.interface

# LXQT deps:
# If you are making a standalone LXQT Live ISO, then please note that LXQT
# needs quite a bit of Plasma5 packages and deps.
# Therefore you might want to use these definition files instead:
# ./pkglists/lxqtdeps.* and ./pkglists/lxqt.*
obconf
openbox

# LXQT:
compton-conf
libconfig
libfm
libfm-extra
libfm-qt
liblxqt
libqtxdg
libsysstat
lximage-qt
lxmenu-data
lxqt-about
lxqt-common
lxqt-config
lxqt-globalkeys
lxqt-notificationd
lxqt-openssh-askpass
lxqt-panel
lxqt-policykit
lxqt-powermanagement
lxqt-qtplugin
lxqt-runner
lxqt-session
lxqt-sudo
menu-cache
obconf-qt
pcmanfm-qt
qterminal
qtermwidget
