# deps:
LibRaw
PyQt
akonadi
attica
boost
clucene
eigen3
grantlee
gsl
libbluedevil
libcanberra
libdbusmenu-qt
libodfgen
librevenge
libtasn1
libvisio
libwpd
libwpg
phonon
phonon-gstreamer
qca
qca-cyrus-sasl
qca-gnupg
qca-ossl
qimageblitz
qjson
qt
qt-gstreamer
shared-desktop-ontologies
sip
soprano
strigi
virtuoso-ose
xapian-core

# kdebase:
kfilemetadata
baloo
baloo-widgets
nepomuk-core
nepomuk-widgets
kde-baseapps
kactivities
konsole
kate
kde-wallpapers
kde-workspace
kde-runtime
kde-base-artwork

# kdelibs:
kdelibs

# kdepimlibs.
kdepimlibs

# kdesdk:
#cervisia
#dolphin-plugins
#kapptemplate
#kcachegrind
#kde-dev-scripts
#kde-dev-utils
#kdesdk-kioslaves
#kdesdk-strigi-analyzers
#kdesdk-thumbnailers
libkomparediff2
kompare
lokalize
#okteta
#poxml
#umbrello

# kdegraphics:
libkipi
libkexiv2
libkdcraw
libksane
kdegraphics-mobipocket
okular
kdegraphics-strigi-analyzer
kdegraphics-thumbnailers
gwenview
kamera
kcolorchooser
kgamma
kolourpaint
kruler
ksaneplugin
ksnapshot
svgpart

# kdebindings:
#smokegen
#smokeqt
#qtruby
#perlqt
#smokekde
#korundum
#perlkde
#pykde4
#kross-interpreters

# kdeaccessibility:
kaccessible
kmouth
kmousetool
kmag

# kdeutils:
ark
filelight
kcalc
kcharselect
kdf
kfloppy
kgpg
print-manager
#kremotecontrol
ktimer
kwalletmanager
superkaramba
sweeper

# kdemultimedia:
libkcddb
libkcompactdisc
audiocd-kio
dragon
mplayerthumbs
#juk
kmix

# kdenetwork:
kdenetwork-filesharing
kdenetwork-strigi-analyzers
zeroconf-ioslave
kget
kopete
kppp
#krdc
krfb

# oxygen-icons:
oxygen-icons

# kdeadmin:
kcron
ksystemlog
kuser

# kdeartwork:
kdeartwork

# kdegames:
libkdegames
libkmahjongg
#klickety
ksudoku
ksquares
#kpat
#klines
#ksnakeduel
#kollision
#kshisen
#kblocks
#lskat
kreversi
#bovo
#kajongg
#granatier
kmines
#kiriki
#kigo
#bomber
#kolf
kdiamond
#kbounce
#konquest
#kapman
knavalbattle
#killbots
#kubrick
#kgoldrunner
#knetwalk
#kbreakout
#ksirk
#kfourinline
picmi
#kblackbox
#palapeli
#katomic
#ktuberling
#kjumpingcube
kmahjongg
#kspaceduel

# kdetoys:
#amor
#kteatime
#ktux

# kdepim:
#kdepim
#kdepim-runtime

# kdeedu:
libkdeedu
analitza
#artikulate
#blinken
#cantor
kalgebra
#kalzium
#kanagram
kbruch
#kgeography
#khangman
#kig
#kiten
#klettres
kmplot
#kstars
#kqtquickcharts
#ktouch
#kturtle
#kwordquiz
#marble
#parley
#pairs
#rocs
#step

# kdewebdev:
#kdewebdev

# kdeplasma-addons:
kdeplasma-addons

# polkit-kde:
polkit-kde-agent-1
polkit-kde-kcmodules-1

# extragear:
bluedevil
#kaudiocreator
kplayer
kwebkitpart
#oxygen-gtk2
#kdevplatform
#kdevelop-pg-qt
#kdevelop
#kdev-python
#kdevelop-php
#kdevelop-php-docs
#wicd-kde
libmm-qt
libnm-qt
plasma-nm
skanlite
kio-mtp
libktorrent
ktorrent
#amarok
#calligra
libkscreen
kscreen
kdeconnect-kde
#partitionmanager
#k3b

# Supported languages in the ISO:
kde-l10n-da
kde-l10n-de
kde-l10n-en_GB
kde-l10n-es
kde-l10n-fr
kde-l10n-ja
kde-l10n-it
kde-l10n-nl
kde-l10n-pt_BR
kde-l10n-pt_PT
kde-l10n-ru
