# Self-added app list. Feel free to add your favourite apps!

## Stick to my customized kernel:

# Supplement some libs:
libinput
libxkbcommon
graphviz 
meson
pyudev
python-evdev
libwacom
extra-cmake-modules
gmtk
libpaper
qt5
qt5-webkit
python3-sip
python3-PyQt5
argon2
udns
mbedtls
#libsodium
#pcre2
c-ares
libev
nodejs
nwjs
rubygem-sass
c-toxcore
libfilteraudio
check
OpenAL
OpenSceneGraph
SimGear
freealut
plib
Markups
MarkupSafe
Markdown
Pygments
pysha3
python3-pycrypto
Flask
PySocks
stem
libdaemon
avahi
google-go-lang
w3m

## 输入法
opencc
fcitx-libpinyin
libpinyin
fcitx
fcitx-configtool

## 上网和一些工具（你懂的）
shadowsocks-libev
#v2ray
firejail
#firefox-hardened
#icecat
#icecat-hardened
NetworkManager-nonprism
macchanger
tor
tor-hardened
tor-browser
torsocks
privoxy
proxychains
#jitsi
signal-desktop
telegram
riot-web
uTox
WireGuard
brave-browser
onionshare
go-ipfs

## 这些不是开源的但比较流行，请自主选择
slack
zoom-linux


## 写写字
libreoffice
libreoffice-langpack_zh_CN
docx2txt
ReText
p7zip
unrar
freerdp

## 保护菊花系列 - Protect-Your-Data-Goodies:
testdisk
wipe
secure-delete
#keepassxc 
veracrypt
apparmor

## 虚拟机客户端插件
#virtualbox-kernel-addons
# For Qemu VM:
#spice-protocol
#xf86-video-qxl

## RSS 新闻阅读器
newsboat

## 字体
noto-cjk-font-ttf

## Docker
docker
containerd
tini
runc
docker-proxy
