# Self-added app list. Feel free to add your favourite apps!

## Stick to my customized kernel:

# Supplement some libs:
#libinput
libxkbcommon
graphviz 
#meson
pyudev
python-evdev
#libwacom
extra-cmake-modules
gmtk
libpaper
qt5
qt5-webkit
python3-sip
python3-PyQt5
#argon2
udns
mbedtls
#libsodium
#pcre2
c-ares
libev
nodejs
nwjs
rubygem-sass
c-toxcore
libfilteraudio
check
OpenAL
OpenSceneGraph
freealut
plib
Markups
MarkupSafe
Markdown
Pygments
pysha3
pytest
PySocks
pycrypto
python3-pycrypto
#python-urllib3
python-markdown-math
python-requestbuilder
#python-requests
Flask
python3-Flask
#PySocks
stem
click
werkzeug
Jinja2
itsdangerous
python3-itsdangerous
python3-Flask-httpauth
libdaemon
avahi
#google-go-lang
w3m
libseccomp
stfl
qrencode
zsh-syntax-highlighting
zsh-completions

## 输入法
opencc
fcitx-libpinyin
libpinyin
fcitx
fcitx-configtool

## 上网和一些工具（你懂的）
shadowsocks-libev
firejail
NetworkManager-nonprism
macchanger
tor
#tor-hardened
tor-browser
torsocks
privoxy
proxychains
signal-desktop
telegram
riot-web
uTox
brave-browser
onionshare
#go-ipfs
twitter
obfs4proxy

## 这些不是开源的但比较流行，请自主选择
slack
zoom-linux


## 写写字
libreoffice
#libreoffice-langpack_zh_CN
docx2txt
ReText
p7zip
unrar
#freerdp
mattermost-desktop
syncthing
weechat
#apparmor
#WireGuard

## 保护菊花系列 - Protect-Your-Data-Goodies:
testdisk
wipe
secure-delete
keepassxc 
veracrypt

## 虚拟机客户端插件
#virtualbox-kernel-addons

## RSS 新闻阅读器
newsboat

## 字体
noto-cjk-font-ttf

## Docker

## for sysadmin
sbopkg
