aaa_base
aaa_elflibs
aaa_terminfo
acl
attr
bash
bin
binutils
# Add 'bind' at the end because it does a chroot:
#bind
bison
#bsd-games
bzip2
ca-certificates
coreutils
cpio
cryptsetup
cxxlibs
cyrus-sasl
dcron
dev86
devs
dhcpcd
dialog
diffutils
dmidecode
dnsmasq
e2fsprogs
#elvis
etc
eudev
file
findutils
flex
floppy
gawk
gc
gcc
#ghostscript
#ghostscript-fonts-std
glibc
#glibc-solibs
glibc-zoneinfo
gnupg
gnupg2
gnutls
gpgme
gpm
gptfdisk
grep
groff
guile
gzip
hostname
idnkit
infozip
iproute2
iptables
iputils
kbd
kernel-generic
kernel-firmware
kernel-headers
kernel-modules
kmod
less
libassuan
libedit
libevent
libgcrypt
libgpg-error
libgudev
libidn2
libksba
libmnl
libmpc
libtermcap
libunistring
#lilo
links
logrotate
lvm2
lzlib
make
man
man-db
man-pages
mc
mdadm
mkinitrd
mlocate
mpfr
mtr
nano
ncurses
net-tools
netkit-ftp
netkit-routed
network-scripts
npth
openldap-client
openssh
openssl
parted
pciutils
perl
pkgtools
plzip
polkit
procps-ng
pth
python
python3
quota
rsync
screen
sed
shadow
sharutils
slackpkg
slocate
squashfs-tools
sshfs
strace
sudo
sysklogd
syslinux
sysvinit
sysvinit-scripts
tar
terminus-font
traceroute
usbutils
utempter
util-linux
wget
which
whois
xz
# Bind needs to run at the end:
bind
