# The core multilib packages:
compat32-tools
gcc
gcc-g++
gcc-gfortran
gcc-gnat
gcc-go
gcc-java
gcc-objc
glibc
glibc-i18n
glibc-profile
glibc-solibs
# This is what I consider as the essential 32bit multilib package set.
# You can find this list embedded in the 'massconvert32.sh' script.
# The A/ series:
aaa_elflibs-compat32
attr-compat32
bzip2-compat32
cups-compat32
cxxlibs-compat32
dbus-compat32
e2fsprogs-compat32
eudev-compat32
libgudev-compat32
openssl-solibs-compat32
udev-compat32
util-linux-compat32
xz-compat32
# The AP/ series:
cups-compat32
cups-filters-compat32
flac-compat32
mariadb-compat32
mpg123-compat32
mysql-compat32
sqlite-compat32
# The D/ series:
libtool-compat32
llvm-compat32
# The L/ series:
alsa-lib-compat32
alsa-oss-compat32
alsa-plugins-compat32
atk-compat32
audiofile-compat32
cairo-compat32
dbus-glib-compat32
elfutils-compat32
esound-compat32
expat-compat32
fftw-compat32
freetype-compat32
fribidi-compat32
gamin-compat32
gdk-pixbuf2-compat32
giflib-compat32
glib2-compat32
gmp-compat32
gnome-keyring-compat32
gtk+2-compat32
gst-plugins-base-compat32
gst-plugins-base0-compat32
gst-plugins-good-compat32
gst-plugins-good0-compat32
gstreamer-compat32
gstreamer0-compat32
hal-compat32
harfbuzz-compat32
icu4c-compat32
jasper-compat32
json-c-compat32
lcms-compat32
lcms2-compat32
libaio-compat32
libart_lgpl-compat32
libasyncns-compat32
libelf-compat32
libexif-compat32
libffi-compat32
libglade-compat32
libgphoto2-compat32
libidn-compat32
libieee1284-compat32
libjpeg-compat32
libjpeg-turbo-compat32
libmng-compat32
libmpc-compat32
libnl3-compat32
libnotify-compat32
libogg-compat32
libpcap-compat32
libpng-compat32
libsamplerate-compat32
libsndfile-compat32
libtasn1-compat32
libtermcap-compat32
libtiff-compat32
libusb-compat32
libvorbis-compat32
libxml2-compat32
libxslt-compat32
lzo-compat32
ncurses-compat32
openjpeg-compat32
orc-compat32
pango-compat32
popt-compat32
pulseaudio-compat32
qt-compat32
readline-compat32
sbc-compat32
sdl-compat32
seamonkey-solibs-compat32
speexdsp-compat32
startup-notification-compat32
svgalib-compat32
v4l-utils-compat32
zlib-compat32
# The N/ series:
curl-compat32
cyrus-sasl-compat32
gnutls-compat32
libgcrypt-compat32
libgpg-error-compat32
libtirpc-compat32
nettle-compat32
openldap-client-compat32
openssl-compat32
p11-kit-compat32
samba-compat32
# The X/ series:
fontconfig-compat32
freeglut-compat32
glew-compat32
glu-compat32
libFS-compat32
libICE-compat32
libSM-compat32
libX11-compat32
libXScrnSaver-compat32
libXTrap-compat32
libXau-compat32
libXaw-compat32
libXcomposite-compat32
libXcursor-compat32
libXdamage-compat32
libXdmcp-compat32
libepoxy-compat32
libXevie-compat32
libXext-compat32
libXfixes-compat32
libXfont-compat32
libXfontcache-compat32
libXft-compat32
libXi-compat32
libXinerama-compat32
libXmu-compat32
libXp-compat32
libXpm-compat32
libXprintUtil-compat32
libXrandr-compat32
libXrender-compat32
libXres-compat32
libXt-compat32
libXtst-compat32
libXv-compat32
libXvMC-compat32
libXxf86dga-compat32
libXxf86misc-compat32
libXxf86vm-compat32
libdmx-compat32
libdrm-compat32
libfontenc-compat32
libpciaccess-compat32
libva-compat32
libva-intel-driver-compat32
libvdpau-compat32
libxcb-compat32
libxshmfence-compat32
mesa-compat32
pixman-compat32
xcb-util-compat32
# The XAP/ series:
sane-compat32
