ModemManager
NetworkManager
a52dec
alsa-lib
alsa-oss
alsa-plugins
alsa-utils
audiofile
cgmanager
db48
dbus
dbus-glib
ddrescue
elfutils
exiv2
fftw
flac
gccmakedep
gdk-pixbuf2
giflib
glib-networking
glib
glib2
glibc-i18n
icu4c
ilmbase
intltool
ipw2100-fw
ipw2200-fw
iw
js185
lcms2
libX11
libXau
libXdmcp
libaio
libao
libarchive
libasyncns
libatasmart
libcddb
libcdio
libcdio-paranoia
libcgroup
libdvdnav
libdvdread
libexif
libffi
libgphoto2
libical
libieee1284
libimobiledevice
libjpeg-turbo
libmad
libmbim
libmtp
libndp
libnetfilter_conntrack
libnfnetlink
libnftnl
libnih
libnl
libnl3
libnotify
libogg
libpcap
libpciaccess
libplist
libpng
libproxy
libpthread-stubs
libqmi
libsamplerate
libsndfile
libssh
libssh2
libsoup
libtasn1
libtheora
libtiff
libtirpc
libusbmuxd
libvorbis
libvpx
libx86
libxcb
libxml2
libxslt
llvm
lm_sensors
lzo
mozilla-nss
mpg123
mtdev
nettle
newt
nfs-utils
openexr
openjpeg
orc
p11-kit
pm-utils
pulseaudio
radeontool
rpcbind
samba
sg3_utils
speexdsp
sqlite
svgalib
#tcl
udisks
udisks2
upower
usb_modeswitch
util-macros
v4l-utils
vbetool
vorbis-tools
wavpack
wireless-tools
wireless_tools
wpa_supplicant
zd1211-firmware
