# Create a rough version of this file using:
# cd current/testing/x86_64 ; find -name *.t?z |rev |cut -d- -f4- |rev |sort
#
# deps:
OpenAL
PyQt5
cfitsio
extra-cmake-modules
grantlee
grantlee-qt4
json-glib
libappindicator
libdbusmenu-gtk
libdbusmenu-qt5
libindicator
libxkbcommon
lmdb
noto-cjk-font-ttf
noto-font-ttf-2015-09
phonon
phonon-gstreamer
phonon-vlc
polkit-qt5-1
qca-qt5
qt-gstreamer
qt5
sip
sni-qt
wayland

# telepathy deps:
farstream
libaccounts-glib
libaccounts-qt5
libnice
libotr
libsignon-glib
signon
signon-plugin-oauth2
signon-ui
telepathy-accounts-signon
telepathy-farstream
telepathy-gabble
telepathy-glib
telepathy-haze
telepathy-logger
telepathy-logger-qt5
telepathy-mission-control
telepathy-qt5

# applications:
analitza
ark
artikulate
audiocd-kio
baloo5-widgets
blinken
bomber
bovo
cantor
cervisia
dolphin
dolphin-plugins
dragon
filelight
granatier
gwenview
juk
kaccessible
kajongg
kalgebra
kalzium
kamera
kanagram
kapman
kapptemplate
kate
katomic
kblackbox
kblocks
kbounce
kbreakout
kbruch
kcachegrind
kcalc
kcharselect
kcolorchooser
kcron
kde-baseapps
kde-dev-scripts
kde-dev-utils
kde-runtime
kde-workspace
kdebugsettings
kdeedu-data
kdegraphics-mobipocket
kdegraphics-strigi-analyzer
kdegraphics-thumbnailers
kdenetwork-filesharing
kdenetwork-strigi-analyzers
kdesdk-kioslaves
kdesdk-strigi-analyzers
kdesdk-thumbnailers
kdewebdev
kdf
kdiamond
kfloppy
kfourinline
kgeography
kget
kgoldrunner
kgpg
khangman
kig
kigo
killbots
kio-extras
kiriki
kiten
kjots
kjumpingcube
klettres
klickety
klines
kmag
kmahjongg
kmines
kmix
kmousetool
kmouth
kmplot
knavalbattle
knetwalk
kolf
kollision
kolourpaint
kompare
konquest
konsole
kopete
kpat
kppp
kqtquickcharts
krdc
kremotecontrol
kreversi
krfb
kruler
ksaneplugin
kshisen
ksirk
ksnakeduel
kspaceduel
ksquares
kstars
ksudoku
ksystemlog
kteatime
ktimer
ktouch
ktuberling
kturtle
kubrick
kuser
kwalletmanager
kwordquiz
libkcddb
libkcompactdisc
libkdcraw
libkdeedu
libkdegames
libkeduvocdocument
libkexiv2
libkgeomap
libkipi
libkmahjongg
libkomparediff2
libksane
lokalize
lskat
marble
mplayerthumbs
okteta
okular
palapeli
parley
picmi
poxml
print-manager
rocs
spectacle
step
svgpart
sweeper
umbrello
zeroconf-ioslave

# frameworks:
attica-framework
baloo5
bluez-qt
breeze-icons
extra-cmake-modules
frameworkintegration
kactivities-framework
kapidox
karchive
kauth
kbookmarks
kcmutils
kcodecs
kcompletion
kconfig
kconfigwidgets
kcoreaddons
kcrash
kdbusaddons
kdeclarative
kded
kdelibs4support
kdesignerplugin
kdesu
kdewebkit
kdnssd
kdoctools
kemoticons
kfilemetadata5
kglobalaccel
kguiaddons
khtml
ki18n
kiconthemes
kidletime
kimageformats
kinit
kio
kitemmodels
kitemviews
kjobwidgets
kjs
kjsembed
kmediaplayer
knewstuff
knotifications
knotifyconfig
kpackage
kparts
kpeople
kplotting
kpty
kross
krunner
kservice
ktexteditor
ktextwidgets
kunitconversion
kwallet
kwidgetsaddons
kwindowsystem
kxmlgui
kxmlrpcclient
modemmanager-qt
networkmanager-qt
oxygen-icons5
plasma-framework
solid
sonnet
threadweaver

# kde4 extragear:
kio-mtp

# kde4 based:
akonadi4
baloo
baloo-widgets
kactivities
katepart4
kdelibs
kdepimlibs4
kfilemetadata
konsolepart4
korundum
kross-interpreters
libkdegames4
libkexiv2_4
libkmahjongg4
libksane4
nepomuk-core
nepomuk-widgets
oktetapart4
perlkde
perlqt
pykde4
qtruby
smokegen
smokekde
smokeqt

# kdepim:
akonadi
akonadi-calendar
akonadi-search
gpgmepp
kalarmcal
kblog
kcalcore
kcalutils
kcontacts
kdepim
kdepim-runtime
kdepimlibs
kholidays
kidentitymanagement
kimap
kldap
kmailtransport
kmbox
kmime
kontactinterface
kpimtextedit
ktnef
syndication

# plasma-extra:
kdeconnect-framework
kde-wallpapers
oxygen-fonts
polkit-kde-kcmodules-framework
sddm-qt5
kactivities-workspace
kactivitymanagerd

# plasma:
bluedevil
breeze
breeze-gtk
kde-cli-tools
kde-gtk-config
kdecoration
kdeplasma-addons
kgamma5
khelpcenter
khotkeys
kinfocenter
kmenuedit
kscreen2
kscreenlocker
ksshaskpass
ksysguard
kwayland
kwayland-integration
kwin
kwrited
libkscreen2
libksysguard
milou
oxygen
plasma-desktop
plasma-mediacenter
plasma-pa
plasma-sdk
plasma-workspace
plasma-workspace-wallpapers
plasma5-nm
polkit-kde-framework
powerdevil
sddm-kcm
systemsettings

# telepathy:
kaccounts-integration
kaccounts-providers
ktp-accounts-kcm
ktp-approver
ktp-auth-handler
ktp-common-internals
ktp-contact-list
ktp-contact-runner
ktp-desktop-applets
ktp-filetransfer-handler
ktp-kded-module
ktp-send-file
ktp-text-ui
ktp-call-ui
signon-kwallet-extension

# Supported languages in the ISO:
kde-l10n-de
kde-l10n-en_GB
kde-l10n-es
kde-l10n-fr
kde-l10n-ja
kde-l10n-it
kde-l10n-nl
kde-l10n-pt_BR
kde-l10n-pt
kde-l10n-ru

