# Create a rough version of this file using:
# cd current/testing/x86_64 ; find -name *.t?z |rev |cut -d- -f4- |rev |sort
#
# deps:
OpenAL
PyQt5
accountsservice
cfitsio
cracklib
dvdauthor
elogind
frei0r-plugins
gpgme
grantlee
grantlee-qt4
hack-font-ttf
json-glib
lensfun
libappindicator
libburn
libdbusmenu-gtk
libdbusmenu-qt5
libdmtx
libindicator
libinput
libpwquality
libwacom
libxkbcommon
lmdb
mesa
mlt
ninja
noto-cjk-font-ttf
noto-font-ttf
opencv
phonon
phonon-gstreamer
phonon-vlc
polkit-qt5-1
poppler
qca-qt5
qrencode
qt-gstreamer
qt5
qt5-webkit
qtav
sip
sni-qt
vid.stab
wayland
xorg-server

# telepathy deps:
farstream
libaccounts-glib
libaccounts-qt5
libnice
libotr
libsignon-glib
signon
signon-plugin-oauth2
signon-ui
telegram-qt
telepathy-accounts-signon
telepathy-farstream
telepathy-gabble
telepathy-glib
telepathy-haze
telepathy-logger
telepathy-logger-qt5
telepathy-mission-control
telepathy-morse
telepathy-qt5

# kde4 extragear:
audiocd-kio4
kio-mtp
libkcddb4
libkcompactdisc4
oxygen-gtk2

# kde4 based:
akonadi4
baloo
baloo-widgets
kactivities
katepart4
kdelibs
kdepimlibs4
kfilemetadata
konsolepart4
korundum
kross-interpreters
libkdegames4
libkexiv2_4
libkmahjongg4
libksane4
nepomuk-core
nepomuk-widgets
oktetapart4
perlkde
perlqt
pykde4
qtruby
smokegen
smokekde
smokeqt

# frameworks:
attica-framework
baloo5
bluez-qt
breeze-icons
extra-cmake-modules
frameworkintegration
kactivities-framework
kactivities-stats
kapidox
karchive
kauth
kbookmarks
kcmutils
kcodecs
kcompletion
kconfig
kconfigwidgets
kcoreaddons
kcrash
kdbusaddons
kdeclarative
kded
kdelibs4support
kdesignerplugin
kdesu
kdewebkit
kdnssd
kdoctools
kemoticons
kfilemetadata5
kglobalaccel
kguiaddons
khtml
ki18n
kiconthemes
kidletime
kimageformats
kinit
kio
kitemmodels
kitemviews
kjobwidgets
kjs
kjsembed
kmediaplayer
knewstuff
knotifications
knotifyconfig
kpackage
kparts
kpeople
kplotting
kpty
kross
krunner
kservice
ktexteditor
ktextwidgets
kunitconversion
kwallet
kwidgetsaddons
kwindowsystem
kxmlgui
kxmlrpcclient
modemmanager-qt
networkmanager-qt
oxygen-icons5
plasma-framework
prison
solid
sonnet
syntax-highlighting
threadweaver

# kdepim:
akonadi
akonadi-calendar
akonadi-calendar-tools
akonadi-contacts
akonadi-import-wizard
akonadi-mime
akonadi-notes
akonadi-search
akonadiconsole
akregator
blogilo
calendarsupport
eventviews
grantlee-editor
grantleetheme
incidenceeditor
kaddressbook
kalarm
kalarmcal
kblog
kcalcore
kcalutils
kcontacts
kdav
kdepim-addons
kdepim-apps-libs
kdepim-runtime
kholidays
kidentitymanagement
kimap
kldap
kleopatra
kmail
kmail-account-wizard
kmailtransport
kmbox
kmime
knotes
kontact
kontactinterface
korganizer
kpimtextedit
ktnef
libgravatar
libkdepim
libkgapi
libkleo
libksieve
mailcommon
mailimporter
mbox-importer
messagelib
pim-data-exporter
pim-sieve-editor
pim-storage-service-manager
pimcommon
syndication

# plasma-extra:
kde-wallpapers
kdeconnect-framework
oxygen-fonts
polkit-kde-kcmodules-framework
sddm-qt5

# plasma:
bluedevil
breeze
breeze-gtk
kactivitymanagerd
kde-cli-tools
kde-gtk-config
kdecoration
kdeplasma-addons
kgamma5
khelpcenter
khotkeys
kinfocenter
kmenuedit
kscreen2
kscreenlocker
ksshaskpass
ksysguard
kwayland
kwayland-integration
kwin
kwrited
libkscreen2
libksysguard
milou
oxygen
plasma-desktop
plasma-integration
plasma-mediacenter
plasma-pa
plasma-sdk
plasma-workspace
plasma-workspace-wallpapers
plasma5-nm
polkit-kde-framework
powerdevil
sddm-kcm
systemsettings
user-manager
xdg-desktop-portal-kde

# applications:
analitza
ark
artikulate
audiocd-kio
baloo5-widgets
blinken
bomber
bovo
cantor
cervisia
dolphin
dolphin-plugins
dragon
ffmpegthumbs
filelight
granatier
gwenview
juk
k3b
kaccessible
kajongg
kalgebra
kalzium
kamera
kanagram
kapman
kapptemplate
kate
katomic
kblackbox
kblocks
kbounce
kbreakout
kbruch
kcachegrind
kcalc
kcharselect
kcolorchooser
kcron
kde-dev-scripts
kde-dev-utils
kde-runtime
kdebugsettings
kdeedu-data
kdegraphics-mobipocket
kdegraphics-strigi-analyzer
kdegraphics-thumbnailers
kdenetwork-filesharing
kdenetwork-strigi-analyzers
kdenlive
kdesdk-kioslaves
kdesdk-strigi-analyzers
kdesdk-thumbnailers
kdf
kdialog
kdiamond
keditbookmarks
kfilereplace
kfind
kfloppy
kfourinline
kgeography
kget
kgoldrunner
kgpg
khangman
kig
kigo
killbots
kimagemapeditor
kio-extras
kiriki
kiten
kjumpingcube
klettres
klickety
klines
klinkstatus
kmag
kmahjongg
kmines
kmix
kmousetool
kmouth
kmplot
knavalbattle
knetwalk
kolf
kollision
kolourpaint
kommander
kompare
konqueror
konquest
konsole
kopete
kpat
kppp
kqtquickcharts
krdc
kremotecontrol
kreversi
krfb
kruler
ksaneplugin
kshisen
ksirk
ksnakeduel
kspaceduel
ksquares
kstars
ksudoku
ksystemlog
kteatime
ktimer
ktouch
ktuberling
kturtle
kubrick
kwalletmanager
kwave
kwordquiz
libkcddb
libkcompactdisc
libkdcraw
libkdeedu
libkdegames
libkeduvocdocument
libkexiv2
libkface
libkgeomap
libkipi
libkmahjongg
libkomparediff2
libksane
lokalize
lskat
marble
mplayerthumbs
okteta
okular
palapeli
parley
picmi
poxml
print-manager
rocs
spectacle
step
svgpart
sweeper
umbrello
zeroconf-ioslave

# applications-extra:
calligra
digikam
krita
kdev-php
kdevelop
kdevelop-pg-qt
kdevplatform
kdiagram
kile
kjots
kpmcore
krusader
ktorrent
kuser
libktorrent
partitionmanager
skanlite

# telepathy:
kaccounts-integration
kaccounts-providers
ktp-accounts-kcm
ktp-approver
ktp-auth-handler
ktp-common-internals
ktp-contact-list
ktp-contact-runner
ktp-desktop-applets
ktp-filetransfer-handler
ktp-kded-module
ktp-send-file
ktp-text-ui
ktp-call-ui
signon-kwallet-extension

# Supported languages in the ISO:
kde-l10n-da
kde-l10n-de
kde-l10n-en_GB
kde-l10n-es
kde-l10n-fr
kde-l10n-ja
kde-l10n-it
kde-l10n-nl
kde-l10n-pt_BR
kde-l10n-pt
kde-l10n-sv
kde-l10n-ru

