#
# Make sure to include 'openjdk' package (e.g. from alienbob repository)
#
DisplayCAL
GraphicsMagick
ORBit2
SimpleSysexxer
a2jmidid
aeolus
amsynth
ardour
ardour5
argyllcms
aubio
audacity
avahi
avidemux
bristol
calf
caps
chromaprint
cinelerra
clalsadrv
clearlooks-classic-themes
clthreads
clxclient
cppunit
cpufreq
darktable
dcraw
denemo
desktop-menus
digikam
drumgizmo
drumkv1
dssi
dvdauthor
dvgrab
ecasound
ecm
eigen
enblend-enfuse
evince
faac
faad2
ffmpeg
flickcurl
flowcanvas
fluidsynth
fluxbox-menus
fontforge
frei0r-plugins
frescobaldi
ganv
gavl
giada
gigedit
glade
gnome-common
gnome-mime-data
gnome-python-gconf
gnome-vfs
gnonlin
goocanvas
gst-plugins-jack
gst-python
gst1-plugins-bad
gtk-engines
gtkimageview
gtksourceview
guile1.8
guitarix2
hexter
hugin
hydrogen
iccprofiles
imlib2
invada-studio-plugins
jack
jack-rack
jackbeat
jam
jamin
jansson
jokosher
json-glib
kaptain
kdenlive
ladish
ladspa_sdk
lame
lash
lcms26
lensfun
libavc1394
libbonobo
libdaemon
libdca
libdv
libgig
libglademm
libgnome
libgnomecanvas
libgnomecanvasmm
libiec61883
libkface
libkgeomap4
libkvkontakte
liblo
liblqr
liblrdf
liblscp
libpano13
libpgf
libquicktime
libshout
libsigc++-legacy12
libslv2
libsmf
lilv
lilypond
linuxsampler
lmms
lv2
meterbridge
mftrace
milkytracker
mixxx
mjpegtools
mlt
mscore
muse
mxml
non
ntk
numactl
numpy
openAV-ArtyFX
opencv
openjdk
openshot
patchage
pd
phat
photoprint
portaudio
portmidi
potrace
protobuf
pugixml
pyexiv2
pygoocanvas
pysetuptools
python-ly
python-poppler-qt4
pyxdg
qastools
qjackctl
qsampler
qsynth
qtractor
rakarrack
rapid-photo-downloader
raptor
raul
rawstudio
rosegarden
rt-tests
rtaudio
rtmidi
rubberband
samplv1
scrollkeeper
separate+
sepkg
seq24
serd
set_rlimits
sooperlooper
sord
specimen
sratom
stops
studioware-scripts
suil
sunvox
swh-plugins
swh-plugins-lv2
synthv1
t1utils
tap-plugins
terminatorX
timemachine
ufraw
vamp-plugin-sdk
vigra
vkeybd
wxGTK
wxGTK3
wxPython3
x264
xjadeo
xvidcore
yoshimi
zita-resampler
zynaddsubfx
zziplib
