ConsoleKit2
GConf
Mako
SDL2
SDL2_gfx
SDL2_image
SDL2_mixer
SDL2_net
SDL2_ttf
aalib
adwaita-icon-theme
appres
at-spi2-atk
at-spi2-core
atk
babl
bdftopcf
bigreqsproto
#bluez
boost
cairo
cdrtools
compositeproto
#cups
#cups-filters
damageproto
dbus-python
dejavu-fonts-ttf
desktop-file-utils
#djvulibre
dmxproto
dosfstools
dri2proto
dri3proto
enchant
encodings
esound
evieext
ffmpeg
fixesproto
fluidsynth
#font-adobe-100dpi
font-alias
#font-bh-100dpi
#font-bh-75dpi
#font-bh-lucidatypewriter-100dpi
#font-bh-lucidatypewriter-75dpi
#font-bh-ttf
#font-bitstream-75dpi
font-bitstream-100dpi
#font-bitstream-type1
font-cursor-misc
font-misc-misc
font-util
fontcacheproto
fontconfig
fontsproto
fonttosfnt
freeglut
freetype
fribidi
fslsfonts
fstobdf
gamin
gcr
gd
gegl
gexiv2
glew
glproto
glu
gmime
gnome-keyring
gnome-themes-standard
gsettings-desktop-schemas
gst-plugins-base
gst-plugins-base0
gst-plugins-good
gst-plugins-good0
gstreamer
gstreamer0
#gtk+
gtk+2
gtk+3
gtkspell
gvfs
harfbuzz
hicolor-icon-theme
#hplip
hunspell
iceauth
ico
icon-naming-utils
imake
inputproto
intel-vaapi-driver
jasper
json-c
json-glib
kbproto
keybinder
lame
lcms
libFS
libICE
libSM
libXScrnSaver
libXaw
libXaw3d
libXcomposite
libXcursor
libXdamage
libXevie
libXext
libXfixes
libXfont
libXfont2
libXfontcache
libXft
libXi
libXinerama
libXmu
libXp
libXpm
libXpresent
libXrandr
libXrender
libXres
libXt
libXtst
libXv
libXvMC
libXxf86dga
libXxf86misc
libXxf86vm
libart_lgpl
libbluray
libcaca
libcanberra
libcap-ng
libcroco
libdmx
libdrm
libepoxy
#liberation-fonts-ttf
libevdev
libfakekey
libfontenc
libglade
libgnome-keyring
libgsf
libidl
libinput
libiodbc
libmng
libmypaint
librsvg
libsecret
libunwind
libva
libva-intel-driver
libvdpau
libvisual
libwacom
libwebp
libwmf
libwnck
libxkbfile
libxklavier
libxshmfence
listres
luit
makedepend
mesa
mkcomposecache
mkfontdir
mkfontscale
motif
mypaint-brushes
neon
net-snmp
ocl-icd
opus
pamixer
pango
pcre2
pixman
poppler
poppler-data
presentproto
printproto
pycairo
pygobject
pygtk
randrproto
recordproto
rendercheck
renderproto
resourceproto
rgb
#sazanami-fonts-ttf
sbc
scrnsaverproto
sdl
sessreg
setxkbmap
shared-mime-info
showfont
#sinhala_lklug-font-ttf
smproxy
speex
startup-notification
t1lib
talloc
tdb
tevent
#tibmachuni-font-ttf
#ttf-indic-fonts
videoproto
viewres
vte
wqy-zenhei-font-ttf
x11-skel
x11perf
xauth
xbacklight
xbitmaps
xcb-proto
xcb-util
xcb-util-keysyms
xclipboard
xclock
xcmiscproto
xcmsdb
xcompmgr
xcursor-themes
xcursorgen
xdbedizzy
xdg-utils
xdm
xdpyinfo
xdriinfo
xev
xextproto
xf86-input-acecad
xf86-input-evdev
xf86-input-joystick
xf86-input-keyboard
xf86-input-mouse
xf86-input-penmount
xf86-input-synaptics
xf86-input-vmmouse
xf86-input-void
xf86-video-amdgpu
xf86-video-apm
xf86-video-ark
xf86-video-ast
xf86-video-ati
xf86-video-dummy
xf86-video-glint
xf86-video-i128
xf86-video-i740
xf86-video-intel
xf86-video-mach64
xf86-video-mga
xf86-video-nouveau
xf86-video-nv
xf86-video-openchrome
xf86-video-r128
xf86-video-v4l
xf86-video-vboxvideo
xf86-video-vesa
xf86-video-vmware
xf86bigfontproto
xf86dga
xf86dgaproto
xf86driproto
xf86miscproto
xf86vidmodeproto
xfd
xfontsel
xfs
xfsinfo
xgamma
xgc
xhost
xineramaproto
xinit
xinput
xkbcomp
xkbevd
xkbprint
xkbutils
xkeyboard-config
xkill
xlsatoms
xlsclients
xlsfonts
xmessage
xmodmap
xorg-cf-files
xorg-server
xorg-server-xvfb
xorgproto
xpr
xprop
xproto
xrandr
xrdb
xrefresh
xscreensaver
xset
xsetroot
xsm
xstdcmap
xtrans
xvidtune
xvinfo
xwd
xwininfo
xwud
#xv
