ConsoleKit
ConsoleKit2
GConf
ModemManager
NetworkManager
a52dec
aalib
adwaita-icon-theme
alsa-lib
alsa-oss
alsa-utils
appres
at-spi2-atk
at-spi2-core
atk
audiofile
babl
bdftopcf
bigreqsproto
cairo
cgmanager
compositeproto
damageproto
db48
dbus
dbus-glib
dbus-python
dejavu-fonts-ttf
desktop-file-utils
djvulibre
dmxproto
dri2proto
dri3proto
elfutils
enchant
encodings
esound
evieext
exiv2
fftw
fixesproto
flac
font-adobe-100dpi
font-alias
font-bh-100dpi
font-bh-75dpi
font-bh-lucidatypewriter-100dpi
font-bh-lucidatypewriter-75dpi
font-bh-ttf
font-bitstream-100dpi
font-bitstream-75dpi
font-bitstream-type1
font-cursor-misc
font-misc-misc
font-util
fontcacheproto
fontconfig
fontsproto
fonttosfnt
freeglut
freetype
fribidi
fslsfonts
fstobdf
gamin
gccmakedep
gd
gdk-pixbuf2
gegl
giflib
glew
glib-networking
glib
glib2
glibc-i18n
glproto
glu
gmime
gnome-themes-standard
gsettings-desktop-schemas
gst-plugins-base
gst-plugins-base0
gst-plugins-good
gst-plugins-good0
gstreamer
gstreamer0
gtk+
gtk+2
gtk+3
gtkspell
gvfs
harfbuzz
hicolor-icon-theme
hunspell
iceauth
ico
icon-naming-utils
icu4c
ilmbase
imake
inputproto
intltool
ipw2100-fw
ipw2200-fw
iw
jasper
kbproto
keybinder
lcms
lcms2
libFS
libICE
libSM
libX11
libXScrnSaver
libXau
libXaw
libXaw3d
libXcomposite
libXcursor
libXdamage
libXdmcp
libXevie
libXext
libXfixes
libXfont
libXfontcache
libXft
libXi
libXinerama
libXmu
libXp
libXpm
libXpresent
libXrandr
libXrender
libXres
libXt
libXtst
libXv
libXvMC
libXxf86dga
libXxf86misc
libXxf86vm
libao
libarchive
libart_lgpl
libatasmart
libcaca
libcddb
libcdio
libcdio-paranoia
libcroco
libdmx
libdrm
libdvdnav
libdvdread
liberation-fonts-ttf
libepoxy
libevdev
libexif
libfakekey
libffi
libfontenc
libglade
libgnome-keyring
libgphoto2
libgsf
libical
libidl
libieee1284
libimobiledevice
libiodbc
libjpeg-turbo
libmad
libmbim
libmng
libmtp
libndp
libnih
libnl
libnl3
libnotify
libogg
libpcap
libpciaccess
libplist
libpng
libproxy
libpthread-stubs
librsvg
libqmi
libsamplerate
libsecret
libsndfile
libsoup
libssh
libssh2
libtheora
libtiff
libusbmuxd
libva
libva-intel-driver
libvdpau
libvisual
libvorbis
libvpx
libwmf
libwnck
libx86
libxcb
libxkbfile
libxklavier
libxshmfence
libxml2
libxslt
listres
llvm
lm_sensors
luit
lzo
makedepend
mesa
mkcomposecache
mkfontdir
mkfontscale
motif
mozilla-nss
mpg123
mtdev
neon
nettle
newt
openexr
openjpeg
orc
p11-kit
pango
pixman
pm-utils
poppler
poppler-data
presentproto
printproto
pycairo
pygobject
pygtk
radeontool
randrproto
recordproto
rendercheck
renderproto
resourceproto
rgb
samba
sazanami-fonts-ttf
scrnsaverproto
sdl
sg3_utils
sessreg
setxkbmap
shared-mime-info
showfont
sinhala_lklug-font-ttf
smproxy
sqlite
startup-notification
svgalib
t1lib
tibmachuni-font-ttf
ttf-indic-fonts
udisks
udisks2
upower
usb_modeswitch
util-macros
v4l-utils
vbetool
videoproto
viewres
vorbis-tools
vte
wavpack
wireless-tools
wpa_supplicant
wqy-zenhei-font-ttf
x11-skel
x11perf
xauth
xbacklight
xbitmaps
xcb-proto
xcb-util
xcb-util-keysyms
xclipboard
xclock
xcmiscproto
xcmsdb
xcompmgr
xcursor-themes
xcursorgen
xdbedizzy
xdm
xdg-utils
xdpyinfo
xdriinfo
xev
xextproto
xf86-input-acecad
xf86-input-aiptek
xf86-input-evdev
xf86-input-joystick
xf86-input-keyboard
xf86-input-mouse
xf86-input-penmount
xf86-input-synaptics
xf86-input-vmmouse
xf86-input-void
xf86-video-apm
xf86-video-ark
xf86-video-ast
xf86-video-ati
xf86-video-dummy
xf86-video-glint
xf86-video-i128
xf86-video-i740
xf86-video-intel
xf86-video-mach64
xf86-video-mga
xf86-video-modesetting
xf86-video-nouveau
xf86-video-nv
xf86-video-openchrome
xf86-video-r128
xf86-video-v4l
xf86-video-vesa
xf86-video-vmware
xf86bigfontproto
xf86dga
xf86dgaproto
xf86driproto
xf86miscproto
xf86vidmodeproto
xfd
xfontsel
xfs
xfsinfo
xgamma
xgc
xhost
xineramaproto
xinit
xinput
xkbcomp
xkbevd
xkbprint
xkbutils
xkeyboard-config
xkill
xlsatoms
xlsclients
xlsfonts
xmessage
xmodmap
xorg-cf-files
xorg-server
xorg-server-xvfb
xpr
xprop
xproto
xrandr
xrdb
xrefresh
xscreensaver
xset
xsetroot
xsm
xstdcmap
xtrans
xv
xvidtune
xvinfo
xwd
xwininfo
xwud
zd1211-firmware
